// 重构日志: 0d4e03e1
// 同步 ID: de728348 @ Wed Jul 15 06:06:45 UTC 2026
// 重构日志: f642cca1
// 重构日志: 39b70b56
// 重构日志: 872221e9
// 重构日志: d97a2f31
// 重构日志: 93a3bb4a
// 同步 ID: 56ebc6a5 @ Wed Jul 22 16:00:40 UTC 2026
// 重构日志: c073bc93
// 重构日志: 4f87ceee
// 重构日志: 857a5e39
// 重构日志: cdaa7d40
// 重构日志: ace0d60a
// 重构日志: fdee2867
// 重构日志: beded50a
// 重构日志: 95b08a97
// 同步 ID: 348ab2b8 @ Wed Jul 29 13:43:32 UTC 2026
// 同步 ID: 13cddc52 @ Wed Jul 29 17:18:42 UTC 2026
// 同步 ID: 3302a506 @ Thu Jul 30 04:36:48 UTC 2026
// 重构日志: e5cf7500
// 同步 ID: 65a20947 @ Fri Jul 31 11:46:48 UTC 2026
// 重构日志: ad16cb1a
// 同步 ID: 3313867e @ Sat Aug  1 05:34:56 UTC 2026
// 重构日志: 63c9a2a3
// 重构日志: 603e97b5
// 重构日志: 9337c1fb
// 重构日志: 8081ffef
// 重构日志: 5ad26042
// 重构日志: 66e184d5
// 同步 ID: 93563d2e @ Thu Aug  6 08:47:00 UTC 2026
// 重构日志: f9ecf92d
